{
    "parents": 47,
    "rows": 49,
    "archived": 0,
    "skipped": 47,
    "errors": {
        "COM-RC-1983-12": [
            "File COM-RC-1983-12 not found in active records."
        ],
        "COM-RC-1982-110": [
            "File COM-RC-1982-110 not found in active records."
        ],
        "COM-RC-1982-470": [
            "File COM-RC-1982-470 not found in active records."
        ],
        "COM-RC-1988-9": [
            "File COM-RC-1988-9 not found in active records."
        ],
        "COM-RC-1982-498": [
            "File COM-RC-1982-498 not found in active records."
        ],
        "COM-RC-1986-20": [
            "File COM-RC-1986-20 not found in active records."
        ],
        "COM-RC-1983-58": [
            "File COM-RC-1983-58 not found in active records."
        ],
        "COM-RC-1991-1": [
            "File COM-RC-1991-1 not found in active records."
        ],
        "COM-RC-1982-232": [
            "File COM-RC-1982-232 not found in active records."
        ],
        "COM-1988-15": [
            "File COM-1988-15 not found in active records."
        ],
        "COM-RC-2004-2": [
            "File COM-RC-2004-2 not found in active records."
        ],
        "COM-RC-1982-413": [
            "File COM-RC-1982-413 not found in active records."
        ],
        "COM-RC-1982-192": [
            "File COM-RC-1982-192 not found in active records."
        ],
        "COM-RC-1982-301": [
            "File COM-RC-1982-301 not found in active records."
        ],
        "COM-RC-1982-302": [
            "File COM-RC-1982-302 not found in active records."
        ],
        "COM-RC-1983-42": [
            "File COM-RC-1983-42 not found in active records."
        ],
        "COM-RC-1982-503": [
            "File COM-RC-1982-503 not found in active records."
        ],
        "COM-2008-134": [
            "File COM-2008-134 not found in active records."
        ],
        "COM-2007-191": [
            "File COM-2007-191 not found in active records."
        ],
        "AG-RC-1982-68": [
            "File AG-RC-1982-68 not found in active records."
        ],
        "CON-COM-1983-102": [
            "File CON-COM-1983-102 not found in active records."
        ],
        "CON-COM-RC-1982-6": [
            "File CON-COM-RC-1982-6 not found in active records."
        ],
        "CON-COM-1990-78": [
            "File CON-COM-1990-78 not found in active records."
        ],
        "IND-1982-143": [
            "File IND-1982-143 not found in active records."
        ],
        "IND-RC-1982-52": [
            "File IND-RC-1982-52 not found in active records."
        ],
        "IND-2013-8": [
            "File IND-2013-8 not found in active records."
        ],
        "IND-2010-24": [
            "File IND-2010-24 not found in active records."
        ],
        "IND-2010-22": [
            "File IND-2010-22 not found in active records."
        ],
        "IND-1982-34": [
            "File IND-1982-34 not found in active records."
        ],
        "IND-1982-22": [
            "File IND-1982-22 not found in active records."
        ],
        "IND-2009-6": [
            "File IND-2009-6 not found in active records."
        ],
        "RES-RC-1982-1017": [
            "File RES-RC-1982-1017 not found in active records."
        ],
        "RES-RC-1984-22": [
            "File RES-RC-1984-22 not found in active records."
        ],
        "RES-RC-1987-34": [
            "File RES-RC-1987-34 not found in active records."
        ]
    },
    "backup": "C:\\xampp\\htdocs\\klas\\storage\\app\/reports\/regrant_normalized_backfill_2026-09-21.csv"
}
